// Jest Snapshot v1, https://goo.gl/fbAQLP

exports[`ContentItem data sources gets scripture references 1`] = `
Array [
  Array [
    "john 1:1, 10:10",
  ],
]
`;

exports[`ContentItem data sources gets sermon notes 1`] = `
Array [
  Object {
    "__typename": "NotesTextBlock",
    "allowsComment": false,
    "comment": null,
    "hasBlanks": false,
    "hiddenText": null,
    "id": "NotesTextBlock:559b23fd0aa90e81b1c023e72e230fa1",
    "isHeader": true,
    "simpleText": "1. this is point one",
  },
  Object {
    "__typename": "NotesTextBlock",
    "allowsComment": true,
    "comment": null,
    "hasBlanks": false,
    "hiddenText": null,
    "id": "NotesTextBlock:965b6e6d7046a885bea4e300b5c0400d",
    "isHeader": false,
    "simpleText": "this is a subpoint",
  },
  Object {
    "__typename": "NotesScriptureBlock",
    "allowsComment": true,
    "comment": null,
    "id": "NotesScriptureBlock:4f68015ba18662a7409d1219a4ce013e",
    "scripture": Object {
      "content": "<p>verse<p>",
      "reference": "Genesis 1:1",
    },
    "simpleText": "verse Genesis 1:1",
  },
]
`;

exports[`ContentItem data sources gets sermon notes comments 1`] = `
Object {
  "NotesScriptureBlock:123": Object {
    "id": "NotesBlockComment:965b6e6d7046a885bea4e300b5c0400d",
    "text": "this is another comment",
  },
  "NotesTextBlock:123": Object {
    "id": "NotesBlockComment:559b23fd0aa90e81b1c023e72e230fa1",
    "text": "this is a comment",
  },
}
`;
