// Jest Snapshot v1, https://goo.gl/fbAQLP

exports[`Person resolver gets a person 1`] = `
Object {
  "data": Object {
    "currentUser": Object {
      "profile": Object {
        "id": "Person:057b0758543270d1cb21784cac4d3f5c",
        "isGroupLeader": true,
        "isStaff": true,
        "photo": Object {
          "uri": "https://fakeimages.com/image.jpg",
        },
      },
    },
  },
}
`;
